// Jest Snapshot v1, https://jestjs.io/docs/snapshot-testing

exports[`getReportHighlights prompt and settings snapshots sends correct user message structure: highlights-user-message 1`] = `
"Org: acme, Period: 30 days

PREVIOUS REPORT (2026-02-13T10:00:00Z):
  Totals: 2 devs, 30 commits, 7 PRs, avgComplexity=2.8, avgAI=8%
  Top 5: @alice (rank #undefined): commits=20, PRs=5, complexity=3.5, impact=80.0, AI%=10
  @bob (rank #undefined): commits=10, PRs=2, complexity=2.0, impact=50.0, AI%=5

LATEST REPORT (2026-03-15T10:00:00Z):
  Totals: 2 devs, 33 commits, 7 PRs, avgComplexity=3.1, avgAI=6%
  Top 5: @alice (rank #undefined): commits=25, PRs=6, complexity=3.8, impact=90.0, AI%=12
  @carol (rank #undefined): commits=8, PRs=1, complexity=2.5, impact=40.0, AI%=0

Top movers: @alice: rank 1→1, impact +10.0
New developers: @carol
Recently inactive (no commits in latest report): @bob"
`;

exports[`getReportHighlights prompt and settings snapshots sends exact system prompt: highlights-system-prompt 1`] = `
"You are a concise engineering analytics assistant for Glooker (GitHub org analytics).
Compare two reports for the same org and period. Return JSON:
{ "highlights": [{ "icon": "emoji", "text": "one sentence", "sentiment": "positive|neutral|warning" }] }

Rules:
- 3-5 bullet highlights max. Be specific — name developers, cite numbers.
- Focus on: biggest movers (rank changes, impact delta), org-wide trends (commits, AI%, complexity), newly active or recently inactive developers.
- IMPORTANT: developers missing from the latest report are NOT "departed" — they are simply inactive in this period (vacation, different projects, etc). Never use words like "departed" or "left".
- If nothing significant changed, return 1 bullet: "Steady state — no major shifts in the leaderboard or metrics."
- Keep each bullet under 20 words. No fluff.
- sentiment: "positive" for improvements, "warning" for regressions, "neutral" for informational.
Return ONLY raw JSON."
`;
